// Jest Snapshot v1, https://goo.gl/fbAQLP

exports[`should render correctly 1`] = `
<div
  className="main-container"
>
  <div
    className="console"
  >
    0
  </div>
  <button
    onClick={[Function]}
  >
    AC
  </button>
  <button
    onClick={[Function]}
  >
    +/-
  </button>
  <button
    onClick={[Function]}
  >
    %
  </button>
  <button
    onClick={[Function]}
  >
    รท
  </button>
  <button
    onClick={[Function]}
  >
    7
  </button>
  <button
    onClick={[Function]}
  >
    8
  </button>
  <button
    onClick={[Function]}
  >
    9
  </button>
  <button
    onClick={[Function]}
  >
    x
  </button>
  <button
    onClick={[Function]}
  >
    4
  </button>
  <button
    onClick={[Function]}
  >
    5
  </button>
  <button
    onClick={[Function]}
  >
    6
  </button>
  <button
    onClick={[Function]}
  >
    -
  </button>
  <button
    onClick={[Function]}
  >
    1
  </button>
  <button
    onClick={[Function]}
  >
    2
  </button>
  <button
    onClick={[Function]}
  >
    3
  </button>
  <button
    onClick={[Function]}
  >
    +
  </button>
  <button
    onClick={[Function]}
  >
    0
  </button>
  <button
    onClick={[Function]}
  >
    .
  </button>
  <button
    onClick={[Function]}
  >
    =
  </button>
</div>
`;
