// Jest Snapshot v1, https://goo.gl/fbAQLP

exports[`should render correctly 1`] = `
<div
  className="home-link-div"
>
  <h2
    className="header-text"
  >
    Welcome to my page
  </h2>
  <p
    className="welcome-paragraph"
  >
    Lorem ipsum dolor sit amet consectetur adipisicing elit. Rerum quidem facere perspiciatis natus iusto tempora nobis nihil! Saepe adipisci provident beatae rerum doloremque, illo consectetur cum sit veritatis dolore eos dolor soluta sunt quas ab, facere suscipit. earum rem animi placeat autem quam et, enim, ex dolores esse,natus, autem molestias eius Veritatis perspiciatis vel rerum! eaque quis illum dignissimos
  </p>
</div>
`;
