// Jest Snapshot v1, https://goo.gl/fbAQLP

exports[`should render correctly 1`] = `
<div
  className="quote-page-div"
>
  <p
    className="p"
  >
    Mathematics is not about numbers, equations, computations or algorithms: it is about understanding. - William Paul Thurston
  </p>
</div>
`;
